mysql> select str_to_date('13/10/1988','%d.%m.%Y') from customer limit 1;
+--------------------------------------+
| str_to_date('13/10/1988','%d.%m.%Y') |
+--------------------------------------+
| NULL                                 |
+--------------------------------------+
1 row in set, 1 warning (0.00 sec)

mysql> select str_to_date('13/10/1988','%d.%m.%y') from customer limit 1;
+--------------------------------------+
| str_to_date('13/10/1988','%d.%m.%y') |
+--------------------------------------+
| NULL                                 |
+--------------------------------------+
1 row in set, 1 warning (0.00 sec)

mysql> select str_to_date('13/10/1988','%d/%m/%Y') from customer limit 1;
+--------------------------------------+
| str_to_date('13/10/1988','%d/%m/%Y') |
+--------------------------------------+
| 1988-10-13                           |
+--------------------------------------+
1 row in set (0.00 sec)
====================================================================================================

mysql> create table ManUtdPlayers (player varchar(30), country varchar(25), position varchar(20), dob char(10));
Query OK, 0 rows affected (0.06 sec)
mysql> show create table ManUtdPlayers;
+---------------+-----------------------------------------------------------------------------------------------------------------------------------------------------------------------------------------------------------------------+
| Table         | Create Table                                                                                                                                                                                                          |
+---------------+-----------------------------------------------------------------------------------------------------------------------------------------------------------------------------------------------------------------------+
| ManUtdPlayers | CREATE TABLE `ManUtdPlayers` (
  `player` varchar(30) DEFAULT NULL,
  `country` varchar(25) DEFAULT NULL,
  `position` varchar(20) DEFAULT NULL,
  `dob` char(10) DEFAULT NULL
) ENGINE=MyISAM DEFAULT CHARSET=latin1 |
+---------------+-----------------------------------------------------------------------------------------------------------------------------------------------------------------------------------------------------------------------+
1 row in set (0.00 sec)

====================================================================================================
mysql> load data infile '/home/hduser/Desktop/Work/Sample_Data/ManUtdPlayers.csv' into table ManUtdPlayers fields terminated by ',' lines terminated by '\n';
ERROR 13 (HY000): Can't get stat of '/home/hduser/Desktop/Work/Sample_Data/ManUtdPlayers.csv' (Errcode: 13)

mysql> load data local infile '/home/hduser/Desktop/Work/Sample_Data/ManUtdPlayers.csv' into table ManUtdPlayers fields terminated by ',' lines terminated by '\n';
Query OK, 547 rows affected (0.00 sec)
Records: 547  Deleted: 0  Skipped: 0  Warnings: 0

mysql> select * from ManUtdPlayers limit 10;
+--------------------+-----------+------------+------------+
| player             | country   | position   | dob        |
+--------------------+-----------+------------+------------+
 |Peter Abbott       | England   | Forward    | 1/10/1953
 |Stan Ackerley      | Australia | Defender   | 12/7/1942
| Ted Adams          | England   | Goalkeeper | 30/11/1906 |
| Alphonso Ainsworth | England   | Forward    | 31/07/1913 |
 |Nicky Ajose        | England   | Forward    | 7/10/1991
| George Albinson    | England   | Midfielder | 14/02/1897 |
| Arthur Albiston    | Scotland  | Defender   | 14/07/1957 |
  |eg Allen          | England   | Goalkeeper | 3/5/1919
| Arthur Allman      | England   | Defender   | 24/12/1890 |
| Alfred Ambler      | England   | Midfielder | 01/07/1879 |
+--------------------+-----------+------------+------------+
10 rows in set (0.00 sec)

mysql> drop table ManUtdPlayers;
Query OK, 0 rows affected (0.00 sec)

mysql> create table ManUtdPlayers (player varchar(30), country varchar(25), position varchar(20), dob varchar(10));
Query OK, 0 rows affected (0.01 sec)

mysql> load data local infile '/home/hduser/Desktop/Work/Sample_Data/ManUtdPlayers.csv' into table ManUtdPlayers fields terminated by ',' lines terminated by '\r\n';
Query OK, 547 rows affected (0.00 sec)
Records: 547  Deleted: 0  Skipped: 0  Warnings: 0

mysql> select * from ManUtdPlayers limit 10;
+--------------------+-----------+------------+------------+
| player             | country   | position   | dob        |
+--------------------+-----------+------------+------------+
| Peter Abbott       | England   | Forward    | 1/10/1953  |
| Stan Ackerley      | Australia | Defender   | 12/7/1942  |
| Ted Adams          | England   | Goalkeeper | 30/11/1906 |
| Alphonso Ainsworth | England   | Forward    | 31/07/1913 |
| Nicky Ajose        | England   | Forward    | 7/10/1991  |
| George Albinson    | England   | Midfielder | 14/02/1897 |
| Arthur Albiston    | Scotland  | Defender   | 14/07/1957 |
| Reg Allen          | England   | Goalkeeper | 3/5/1919   |
| Arthur Allman      | England   | Defender   | 24/12/1890 |
| Alfred Ambler      | England   | Midfielder | 01/07/1879 |
+--------------------+-----------+------------+------------+
10 rows in set (0.00 sec)
====================================================================================================
mysql> create table ManUtdPlayers1 (player varchar(30), country varchar(25), position varchar(20), dob date);Query OK, 0 rows affected (0.04 sec)

mysql> show create table ManUtdPlayers1;
+----------------+--------------------------------------------------------------------------------------------------------------------------------------------------------------------------------------------------------------------+
| Table          | Create Table                                                                                                                                                                                                       |
+----------------+--------------------------------------------------------------------------------------------------------------------------------------------------------------------------------------------------------------------+
| ManUtdPlayers1 | CREATE TABLE `ManUtdPlayers1` (
  `player` varchar(30) DEFAULT NULL,
  `country` varchar(25) DEFAULT NULL,
  `position` varchar(20) DEFAULT NULL,
  `dob` date DEFAULT NULL
) ENGINE=MyISAM DEFAULT CHARSET=latin1 |
+----------------+--------------------------------------------------------------------------------------------------------------------------------------------------------------------------------------------------------------------+
1 row in set (0.00 sec)

mysql> insert into ManUtdPlayers1 select player, country, position, str_to_date(dob,'%d/%m/%Y') from ManUtdPlayers;
Query OK, 547 rows affected (0.00 sec)
Records: 547  Duplicates: 0  Warnings: 0

mysql> select * from ManUtdPlayers1 limit 10;
+--------------------+-----------+------------+------------+
| player             | country   | position   | dob        |
+--------------------+-----------+------------+------------+
| Peter Abbott       | England   | Forward    | 1953-10-01 |
| Stan Ackerley      | Australia | Defender   | 1942-07-12 |
| Ted Adams          | England   | Goalkeeper | 1906-11-30 |
| Alphonso Ainsworth | England   | Forward    | 1913-07-31 |
| Nicky Ajose        | England   | Forward    | 1991-10-07 |
| George Albinson    | England   | Midfielder | 1897-02-14 |
| Arthur Albiston    | Scotland  | Defender   | 1957-07-14 |
| Reg Allen          | England   | Goalkeeper | 1919-05-03 |
| Arthur Allman      | England   | Defender   | 1890-12-24 |
| Alfred Ambler      | England   | Midfielder | 1879-07-01 |
+--------------------+-----------+------------+------------+
10 rows in set (0.00 sec)

====================================================================================================

mysql> select * from ManUtdPlayers1 into outfile '/home/hduser/Desktop/Work/Sample_Data/ManUtdPlayers1.csv' fields terminated by ',' lines terminated by '\n';
ERROR 1 (HY000): Can't create/write to file '/home/hduser/Desktop/Work/Sample_Data/ManUtdPlayers1.csv' (Errcode: 13)

mysql> select * from ManUtdPlayers1 into outfile 'ManUtdPlayers1.csv' fields terminated by ',' lines terminated by '\n';Query OK, 547 rows affected (0.00 sec)

[hduser@Inceptez mysql]$ updatedb
updatedb: can not open a temporary file for `/var/lib/mlocate/mlocate.db'
[hduser@Inceptez mysql]$ sudo updatedb
[sudo] password for hduser: 
[hduser@Inceptez mysql]$ locate ManUtd
/home/hduser/Desktop/Work/Sample_Data/ManUtdPlayers.csv

mysql> select * from ManUtdPlayers1 into outfile 'ManUtdPlayers1.csv' fields terminated by ',' lines terminated by '\n';
ERROR 1086 (HY000): File 'ManUtdPlayers1.csv' already exists

mysql> select * from ManUtdPlayers1 into outfile '/tmp/ManUtdPlayers1.csv' fields terminated by ',' lines terminated by '\n';
Query OK, 547 rows affected (0.00 sec)

[hduser@Inceptez tmp]$ pwd
/tmp
[hduser@Inceptez tmp]$ ls -l Man*
-rw-rw-rw- 1 mysql mysql 23373 Aug 25 00:25 ManUtdPlayers1.csv

====================================================================================================

mysql> create table ManUtdPlayers2 like ManUtdPlayers1;
Query OK, 0 rows affected (0.19 sec)

mysql> show create table ManUtdPlayers2;
+----------------+--------------------------------------------------------------------------------------------------------------------------------------------------------------------------------------------------------------------+
| Table          | Create Table                                                                                                                                                                                                       |
+----------------+--------------------------------------------------------------------------------------------------------------------------------------------------------------------------------------------------------------------+
| ManUtdPlayers2 | CREATE TABLE `ManUtdPlayers2` (
  `player` varchar(30) DEFAULT NULL,
  `country` varchar(25) DEFAULT NULL,
  `position` varchar(20) DEFAULT NULL,
  `dob` date DEFAULT NULL
) ENGINE=MyISAM DEFAULT CHARSET=latin1 |
+----------------+--------------------------------------------------------------------------------------------------------------------------------------------------------------------------------------------------------------------+
1 row in set (0.00 sec)

mysql> load data local infile '/home/hduser/Desktop/Work/Sample_Data/ManUtdPlayers.csv' into table ManUtdPlayers2 fields terminated by ',' lines terminated by '\r\n' (col1, col2, col3, @dob) set col4 = str_to_date(@dob,'%d/%m/%Y');
ERROR 1054 (42S22): Unknown column 'col1' in 'field list'

mysql> load data local infile '/home/hduser/Desktop/Work/Sample_Data/ManUtdPlayers.csv' into table ManUtdPlayers2 fields terminated by ',' lines terminated by '\r\n' (players, col2, col3, @dob) set col4 = str_to_date(@dob,'%d/%m/%Y');
ERROR 1054 (42S22): Unknown column 'players' in 'field list'

mysql> load data local infile '/home/hduser/Desktop/Work/Sample_Data/ManUtdPlayers.csv' into table ManUtdPlayers2 fields terminated by ',' lines terminated by '\r\n' (player, col2, col3, @dob) set col4 = str_to_date(@dob,'%d/%m/%Y');
ERROR 1054 (42S22): Unknown column 'col2' in 'field list'

mysql> load data local infile '/home/hduser/Desktop/Work/Sample_Data/ManUtdPlayers.csv' into table ManUtdPlayers2 fields terminated by ',' lines terminated by '\r\n' (player, country, position, @dob) set dob = str_to_date(@dob,'%d/%m/%Y');
Query OK, 547 rows affected (0.00 sec)
Records: 547  Deleted: 0  Skipped: 0  Warnings: 0

mysql> select * from ManUtdPlayers2 limit 10;
+--------------------+-----------+------------+------------+
| player             | country   | position   | dob        |
+--------------------+-----------+------------+------------+
| Peter Abbott       | England   | Forward    | 1953-10-01 |
| Stan Ackerley      | Australia | Defender   | 1942-07-12 |
| Ted Adams          | England   | Goalkeeper | 1906-11-30 |
| Alphonso Ainsworth | England   | Forward    | 1913-07-31 |
| Nicky Ajose        | England   | Forward    | 1991-10-07 |
| George Albinson    | England   | Midfielder | 1897-02-14 |
| Arthur Albiston    | Scotland  | Defender   | 1957-07-14 |
| Reg Allen          | England   | Goalkeeper | 1919-05-03 |
| Arthur Allman      | England   | Defender   | 1890-12-24 |
| Alfred Ambler      | England   | Midfielder | 1879-07-01 |
+--------------------+-----------+------------+------------+
10 rows in set (0.00 sec)
====================================================================================================
====================================================================================================
